
> server@0.0.1 build C:\Users\ayij3\Desktop\JiyaProjects\MTWO\server
> nest build

node.exe : [96mworke
r.bootstrap.ts[0m:[
93m7[0m:[93m27[0m 
- 
[91merror[0m[90m 
TS2345: [0mArgument 
of type '{ 
concurrency: number; 
}' is not assignable 
to parameter of type 
'number'.
At C:\Users\ayij3\App
Data\Roaming\npm\pnpm
.ps1:24 char:5
+     & "node$exe"  "
$basedir/node_modules
/pnpm/bin/pnpm.cjs" 
$args
+     ~~~~~~~~~~~~~~~
~~~~~~~~~~~~~~~~~~~~~
~~~~~~~~~~~~~~~~~~~~~
~~~~
    + CategoryInfo   
           : NotSpe  
  cified: ([96mwo   
 rker.boo... type    
 'number'.:Strin    
g) [], RemoteExc    
eption
    + FullyQualified 
   ErrorId : Native  
  CommandError
 

[7m7[0m   startNoti
ficationWorker({ 
concurrency: 10 });
[7m [0m [91m      
                    ~
~~~~~~~~~~~~~~~~~~[0
m

Found 1 error(s).

ΓÇëELIFECYCLEΓÇë Command failed with exit code 1.
